<html>
<body>
<pre>
<h1>µVision Build Log</h1>
<h2>Tool Versions:</h2>
IDE-Version: µVision V5.17.0.0
Copyright (C) 2015 ARM Ltd and ARM Germany GmbH. All rights reserved.
License Information: Usman Khan, NUST, LIC=----
 
Tool Versions:
Toolchain:       MDK-Lite  Version: 5.17
Toolchain Path:  C:\Keil_v5\ARM\ARMCC\Bin
C Compiler:      Armcc.exe V5.06 update 1 (build 61)
Assembler:       Armasm.exe V5.06 update 1 (build 61)
Linker/Locator:  ArmLink.exe V5.06 update 1 (build 61)
Library Manager: ArmAr.exe V5.06 update 1 (build 61)
Hex Converter:   FromElf.exe V5.06 update 1 (build 61)
CPU DLL:         SARMCM3.DLL V5.17
Dialog DLL:      DCM.DLL V1.13.4.0
Target DLL:      STLink\ST-LINKIII-KEIL_SWO.dll V2.0.18.0
Dialog DLL:      TCM.DLL V1.14.6.0
 
<h2>Project:</h2>
C:\Users\usmankhan\Desktop\Folders\Aero2\aero2\AerO2_MCU\MDK-ARM\ADC_1.uvprojx
Project File Date:  11/23/2015

<h2>Output:</h2>
*** Using Compiler 'V5.06 update 1 (build 61)', folder: 'C:\Keil_v5\ARM\ARMCC\Bin'
Build target 'ADC_1 Configuration'
compiling sensor.c...
sensor.h(11): warning:  #1295-D: Deprecated declaration Get_Sensor_Value - give arg types
  uint32_t Get_Sensor_Value();
sensor.h(17): warning:  #1-D: last line of file ends without a newline
  #endif /*__ sensor_H */
sensor.c(13): warning:  #1-D: last line of file ends without a newline
  }
sensor.c: 3 warnings, 0 errors
compiling usart_functionality.c...
usart_functionality.h(13): warning:  #1295-D: Deprecated declaration UART_Receive - give arg types
  uint8_t UART_Receive();
usart_functionality.h(20): warning:  #1-D: last line of file ends without a newline
  #endif /*__ usart_functionality_H */
usart_functionality.c(22): warning:  #1-D: last line of file ends without a newline
  }
usart_functionality.c: 3 warnings, 0 errors
compiling main.c...
../Inc/sensor.h(11): warning:  #1295-D: Deprecated declaration Get_Sensor_Value - give arg types
  uint32_t Get_Sensor_Value();
../Inc/sensor.h(17): warning:  #1-D: last line of file ends without a newline
  #endif /*__ sensor_H */
../Inc/usart_functionality.h(13): warning:  #1295-D: Deprecated declaration UART_Receive - give arg types
  uint8_t UART_Receive();
../Inc/usart_functionality.h(20): warning:  #1-D: last line of file ends without a newline
  #endif /*__ usart_functionality_H */
../Src/main.c: 4 warnings, 0 errors
linking...
Program Size: Code=7708 RO-data=284 RW-data=8 ZI-data=1136  
"ADC_1 Configuration/\.axf" - 0 Error(s), 10 Warning(s).

<h2>Software Packages used:</h2>

Package Vendor: ARM
                http://www.keil.com/pack/ARM.CMSIS.4.5.0.pack
                ARM::CMSIS:CORE:4.3.0
                CMSIS (Cortex Microcontroller Software Interface Standard)
   * Component: CORE Version: 4.3.0

<h2>Collection of Component include folders:</h2>
  C:\Users\usmankhan\Desktop\Folders\Aero2\aero2\AerO2_MCU\MDK-ARM\RTE
  C:\Keil_v5\ARM\PACK\ARM\CMSIS\4.5.0\CMSIS\Include
  C:\Keil_v5\ARM\PACK\Keil\STM32F1xx_DFP\2.0.0\Device\Include

<h2>Collection of Component Files used:</h2>

   * Component: ARM::CMSIS:CORE:4.3.0
Build Time Elapsed:  00:00:02
</pre>
</body>
</html>
